warning: unused variable: `ty`
   --> src/codegen/lower.rs:224:35
    |
224 |                 if let Some((val, ty)) = gen.env.get(&id.name) {
    |                                   ^^ help: if this is intentional, prefix it with an underscore: `_ty`
    |
    = note: `#[warn(unused_variables)]` (part of `#[warn(unused)]`) on by default

warning: unused variable: `args`
    --> src/codegen/lower.rs:2984:24
     |
2984 |         for (name, (_, args)) in &gen.functions {
     |                        ^^^^ help: if this is intentional, prefix it with an underscore: `_args`

warning: unused variable: `condition_op`
    --> src/codegen/lower.rs:3126:13
     |
3126 |         let condition_op = before_block.append_operation(
     |             ^^^^^^^^^^^^ help: if this is intentional, prefix it with an underscore: `_condition_op`

warning: variable does not need to be mutable
    --> src/sema/expr.rs:1230:25
     |
1230 |                     let mut mangled_name = format!("{:?}_{}", base_ty, method_func.name)
     |                         ----^^^^^^^^^^^^
     |                         |
     |                         help: remove this `mut`
     |
     = note: `#[warn(unused_mut)]` (part of `#[warn(unused)]`) on by default

warning: unused variable: `ib`
    --> src/sema/expr.rs:1214:46
     |
1214 |                 if let Some((generic_method, ib)) = found_method {
     |                                              ^^ help: if this is intentional, prefix it with an underscore: `_ib`

warning: unused variable: `args_target`
    --> src/sema/expr.rs:1925:52
     |
1925 |         if let Type::GenericInstance(inner_target, args_target) = target {
     |                                                    ^^^^^^^^^^^ help: if this is intentional, prefix it with an underscore: `_args_target`

warning: unused variable: `args_source`
    --> src/sema/expr.rs:1935:52
     |
1935 |         if let Type::GenericInstance(inner_source, args_source) = source {
     |                                                    ^^^^^^^^^^^ help: if this is intentional, prefix it with an underscore: `_args_source`

warning: `Vx` (lib) generated 7 warnings (run `cargo fix --lib -p Vx` to apply 7 suggestions)
    Finished `dev` profile [unoptimized + debuginfo] target(s) in 0.08s
     Running `target/debug/vxc test_map_collect.vx`
check_function(main)
check_function(I32_to_string)
is_assignable(target: Scalar(I32), source: Scalar(I32))
is_assignable(target: Scalar(I32), source: Scalar(I32))
is_assignable(target: Pointer(Scalar(I8), None, true), source: Pointer(Scalar(I8), None, true))
is_assignable(target: Pointer(Scalar(I8), None, true), source: Pointer(Scalar(I8), None, true))
is_assignable(target: Struct("String", None), source: Struct("String", None))
is_assignable(target: Scalar(I32), source: Scalar(I32))
is_assignable(target: Scalar(I32), source: Scalar(I32))
check_function(Vec_I32_iter_ScalarI32)
is_assignable(target: Pointer(GenericInstance(Struct("Vec", None), [Scalar(I32)]), None, false), source: Borrow(GenericInstance(Struct("Vec", None), [Scalar(I32)]), None, false, 4095))
is_assignable(target: GenericInstance(Struct("Vec", None), [Scalar(I32)]), source: GenericInstance(Struct("Vec", None), [Scalar(I32)]))
is_assignable(target: Scalar(I32), source: Scalar(I32))
is_assignable(target: Pointer(GenericInstance(Struct("Vec", None), [Scalar(I32)]), None, false), source: Borrow(GenericInstance(Struct("Vec", None), [Scalar(I32)]), None, false, 4095))
is_assignable(target: GenericInstance(Struct("Vec", None), [Scalar(I32)]), source: GenericInstance(Struct("Vec", None), [Scalar(I32)]))
is_assignable(target: Scalar(I32), source: Scalar(I32))
is_assignable(target: GenericInstance(Struct("VecIter", None), [Scalar(I32)]), source: GenericInstance(Struct("VecIter", None), [Scalar(I32)]))
is_assignable(target: Borrow(GenericInstance(Struct("Vec", None), [Scalar(I32)]), None, false, 4095), source: Borrow(GenericInstance(Struct("Vec", None), [Scalar(I32)]), None, false, 2))
is_assignable(target: GenericInstance(Struct("Vec", None), [Scalar(I32)]), source: GenericInstance(Struct("Vec", None), [Scalar(I32)]))
is_assignable(target: Borrow(GenericInstance(Struct("Vec", None), [Scalar(I32)]), None, false, 4095), source: Borrow(GenericInstance(Struct("Vec", None), [Scalar(I32)]), None, false, 2))
is_assignable(target: GenericInstance(Struct("Vec", None), [Scalar(I32)]), source: GenericInstance(Struct("Vec", None), [Scalar(I32)]))
check_function(VecIter_I32_map_StructString_ScalarI32)
is_assignable(target: GenericInstance(Struct("VecIter", None), [Scalar(I32)]), source: GenericInstance(Struct("VecIter", None), [Scalar(I32)]))
is_assignable(target: Function([Scalar(I32)], Struct("String", None)), source: Function([Scalar(I32)], Struct("String", None)))
is_assignable(target: GenericInstance(Struct("VecIter", None), [Scalar(I32)]), source: GenericInstance(Struct("VecIter", None), [Scalar(I32)]))
is_assignable(target: Function([Scalar(I32)], Struct("String", None)), source: Function([Scalar(I32)], Struct("String", None)))
is_assignable(target: GenericInstance(Struct("VecMap", None), [Scalar(I32), Struct("String", None)]), source: GenericInstance(Struct("VecMap", None), [Scalar(I32), Struct("String", None)]))
is_assignable(target: GenericInstance(Struct("VecIter", None), [Scalar(I32)]), source: GenericInstance(Struct("VecIter", None), [Scalar(I32)]))
is_assignable(target: Function([Scalar(I32)], Struct("String", None)), source: Function([Scalar(I32)], Struct("String", None)))
is_assignable(target: GenericInstance(Struct("VecIter", None), [Scalar(I32)]), source: GenericInstance(Struct("VecIter", None), [Scalar(I32)]))
is_assignable(target: Function([Scalar(I32)], Struct("String", None)), source: Function([Scalar(I32)], Struct("String", None)))
check_function(VecMap_I32_String_collect_StructString_ScalarI32)
check_function(Vec::new_StructString)
is_assignable(target: Scalar(I32), source: Scalar(I32))
is_assignable(target: Scalar(I32), source: Scalar(I32))
is_assignable(target: Pointer(Struct("String", None), None, true), source: Pointer(Scalar(I8), None, true))
is_assignable(target: Struct("String", None), source: Scalar(I8))
is_assignable(target: Pointer(Struct("String", None), None, true), source: Pointer(Struct("String", None), None, true))
is_assignable(target: Scalar(I32), source: Scalar(I32))
is_assignable(target: Scalar(I32), source: Scalar(I32))
is_assignable(target: Pointer(Struct("String", None), None, true), source: Pointer(Struct("String", None), None, true))
is_assignable(target: Scalar(I32), source: Scalar(I32))
is_assignable(target: Scalar(I32), source: Scalar(I32))
is_assignable(target: GenericInstance(Struct("Vec", None), [Struct("String", None)]), source: GenericInstance(Struct("Vec", None), [Struct("String", None)]))
check_function(Borrow_VecMap_I32_String_true_4095_next_StructString_ScalarI32)
check_function(VecIter_I32_next_ScalarI32)
is_assignable(target: Scalar(I32), source: Scalar(I32))
is_assignable(target: Scalar(I32), source: Scalar(I32))
is_assignable(target: Scalar(I32), source: Scalar(I32))
is_assignable(target: Scalar(I32), source: Scalar(I32))
is_assignable(target: Scalar(I32), source: Scalar(I32))
is_assignable(target: Scalar(I32), source: Scalar(I32))
is_assignable(target: Scalar(I32), source: Scalar(I32))
is_assignable(target: Scalar(I32), source: Scalar(I32))
is_assignable(target: GenericInstance(Struct("Option", None), [Scalar(I32)]), source: GenericInstance(Struct("Option", None), [Scalar(I32)]))
is_assignable(target: GenericInstance(Struct("Option", None), [Scalar(I32)]), source: GenericInstance(Struct("Option", None), [Scalar(I32)]))
is_assignable(target: Borrow(GenericInstance(Struct("VecIter", None), [Scalar(I32)]), None, true, 4095), source: Borrow(GenericInstance(Struct("VecIter", None), [Scalar(I32)]), None, true, 5))
is_assignable(target: GenericInstance(Struct("VecIter", None), [Scalar(I32)]), source: GenericInstance(Struct("VecIter", None), [Scalar(I32)]))
is_assignable(target: Borrow(GenericInstance(Struct("VecIter", None), [Scalar(I32)]), None, true, 4095), source: Borrow(GenericInstance(Struct("VecIter", None), [Scalar(I32)]), None, true, 5))
is_assignable(target: GenericInstance(Struct("VecIter", None), [Scalar(I32)]), source: GenericInstance(Struct("VecIter", None), [Scalar(I32)]))
check_function(Option_I32_is_none_ScalarI32)
is_assignable(target: Scalar(Bool), source: Scalar(Bool))
is_assignable(target: Scalar(Bool), source: Scalar(Bool))
is_assignable(target: Scalar(Bool), source: Scalar(Bool))
is_assignable(target: Borrow(GenericInstance(Struct("Option", None), [Scalar(I32)]), None, false, 4095), source: Borrow(GenericInstance(Struct("Option", None), [Scalar(I32)]), None, false, 6))
is_assignable(target: GenericInstance(Struct("Option", None), [Scalar(I32)]), source: GenericInstance(Struct("Option", None), [Scalar(I32)]))
check_function(Option_I32_unwrap_ScalarI32)
is_assignable(target: Scalar(I32), source: Scalar(I32))
is_assignable(target: Scalar(I32), source: Scalar(I32))
is_assignable(target: Scalar(I32), source: Scalar(I32))
is_assignable(target: Pointer(Scalar(I32), None, true), source: Pointer(Scalar(I8), None, true))
is_assignable(target: Scalar(I32), source: Scalar(I8))
is_assignable(target: Scalar(I32), source: Scalar(I32))
is_assignable(target: Scalar(I32), source: Scalar(I32))
is_assignable(target: Scalar(I32), source: Scalar(I32))
is_assignable(target: Pointer(Scalar(I32), None, true), source: Pointer(Scalar(I8), None, true))
is_assignable(target: Scalar(I32), source: Scalar(I8))
is_assignable(target: Scalar(I32), source: Scalar(I32))
is_assignable(target: GenericInstance(Struct("Option", None), [Scalar(I32)]), source: GenericInstance(Struct("Option", None), [Scalar(I32)]))
is_assignable(target: GenericInstance(Struct("Option", None), [Scalar(I32)]), source: GenericInstance(Struct("Option", None), [Scalar(I32)]))
is_assignable(target: Scalar(I32), source: Scalar(I32))
is_assignable(target: Scalar(I32), source: Scalar(I32))
lookup('new_item') = Some((Struct("String", None), Host)), is_moved = false, consume = true
scopes = Some({"item": (Scalar(I32), Host), "new_item": (Struct("String", None), Host), "f_closure": (Function([Scalar(I32)], Struct("String", None)), Host)})
Backtrace:
   0: std::backtrace_rs::backtrace::libunwind::trace
             at /rustc/59807616e1fa2540724bfbac14d7976d7e4a3860/library/std/src/../../backtrace/src/backtrace/libunwind.rs:117:9
   1: std::backtrace_rs::backtrace::trace_unsynchronized::<<std::backtrace::Backtrace>::create::{closure#0}>
             at /rustc/59807616e1fa2540724bfbac14d7976d7e4a3860/library/std/src/../../backtrace/src/backtrace/mod.rs:66:14
   2: <std::backtrace::Backtrace>::create
             at /rustc/59807616e1fa2540724bfbac14d7976d7e4a3860/library/std/src/backtrace.rs:331:13
   3: vxc::sema::expr::<impl vxc::sema::env::TypeChecker>::check_expr_type_flag
             at ./src/sema/expr.rs:150:30
   4: vxc::sema::expr::<impl vxc::sema::env::TypeChecker>::check_expr_type
             at ./src/sema/expr.rs:47:14
   5: vxc::sema::expr::<impl vxc::sema::env::TypeChecker>::check_expr_type_flag
             at ./src/sema/expr.rs:257:60
   6: vxc::sema::expr::<impl vxc::sema::env::TypeChecker>::check_expr
             at ./src/sema/expr.rs:8:23
   7: vxc::sema::stmt::<impl vxc::sema::env::TypeChecker>::check_statement
             at ./src/sema/stmt.rs:44:42
   8: vxc::sema::stmt::<impl vxc::sema::env::TypeChecker>::check_block
             at ./src/sema/stmt.rs:14:18
   9: vxc::sema::stmt::<impl vxc::sema::env::TypeChecker>::check_statement
             at ./src/sema/stmt.rs:147:22
  10: vxc::sema::stmt::<impl vxc::sema::env::TypeChecker>::check_block
             at ./src/sema/stmt.rs:14:18
  11: vxc::sema::env::TypeChecker::check_function
             at ./src/sema/env.rs:396:14
  12: vxc::sema::expr::<impl vxc::sema::env::TypeChecker>::check_expr_type_flag
             at ./src/sema/expr.rs:1254:30
  13: vxc::sema::expr::<impl vxc::sema::env::TypeChecker>::check_expr
             at ./src/sema/expr.rs:8:23
  14: vxc::sema::stmt::<impl vxc::sema::env::TypeChecker>::check_statement
             at ./src/sema/stmt.rs:56:42
  15: vxc::sema::stmt::<impl vxc::sema::env::TypeChecker>::check_block
             at ./src/sema/stmt.rs:14:18
  16: vxc::sema::stmt::<impl vxc::sema::env::TypeChecker>::check_statement
             at ./src/sema/stmt.rs:147:22
  17: vxc::sema::stmt::<impl vxc::sema::env::TypeChecker>::check_block
             at ./src/sema/stmt.rs:14:18
  18: vxc::sema::env::TypeChecker::check_function
             at ./src/sema/env.rs:396:14
  19: vxc::sema::expr::<impl vxc::sema::env::TypeChecker>::check_expr_type_flag
             at ./src/sema/expr.rs:1254:30
  20: vxc::sema::expr::<impl vxc::sema::env::TypeChecker>::check_expr
             at ./src/sema/expr.rs:8:23
  21: vxc::sema::stmt::<impl vxc::sema::env::TypeChecker>::check_statement
             at ./src/sema/stmt.rs:56:42
  22: vxc::sema::stmt::<impl vxc::sema::env::TypeChecker>::check_block
             at ./src/sema/stmt.rs:14:18
  23: vxc::sema::env::TypeChecker::check_function
             at ./src/sema/env.rs:396:14
  24: vxc::driver::CompilerDriver::execute
             at ./src/driver.rs:211:21
  25: vxc::main
             at ./src/main.rs:23:28
  26: core::ops::function::FnOnce::call_once
             at /rustc/59807616e1fa2540724bfbac14d7976d7e4a3860/library/core/src/ops/function.rs:250:5
  27: std::sys::backtrace::__rust_begin_short_backtrace
             at /rustc/59807616e1fa2540724bfbac14d7976d7e4a3860/library/std/src/sys/backtrace.rs:166:18
  28: std::rt::lang_start::{{closure}}
             at /rustc/59807616e1fa2540724bfbac14d7976d7e4a3860/library/std/src/rt.rs:206:18
  29: <&dyn core::ops::function::Fn<(), Output = i32> + core::panic::unwind_safe::RefUnwindSafe + core::marker::Sync as core::ops::function::FnOnce<()>>::call_once
             at /rustc/59807616e1fa2540724bfbac14d7976d7e4a3860/library/core/src/ops/function.rs:287:21
  30: std::panicking::catch_unwind::do_call::<&dyn core::ops::function::Fn<(), Output = i32> + core::panic::unwind_safe::RefUnwindSafe + core::marker::Sync, i32>
             at /rustc/59807616e1fa2540724bfbac14d7976d7e4a3860/library/std/src/panicking.rs:581:40
  31: std::panicking::catch_unwind::<i32, &dyn core::ops::function::Fn<(), Output = i32> + core::panic::unwind_safe::RefUnwindSafe + core::marker::Sync>
             at /rustc/59807616e1fa2540724bfbac14d7976d7e4a3860/library/std/src/panicking.rs:544:19
  32: std::panic::catch_unwind::<&dyn core::ops::function::Fn<(), Output = i32> + core::panic::unwind_safe::RefUnwindSafe + core::marker::Sync, i32>
             at /rustc/59807616e1fa2540724bfbac14d7976d7e4a3860/library/std/src/panic.rs:359:14
  33: std::rt::lang_start_internal::{closure#0}
             at /rustc/59807616e1fa2540724bfbac14d7976d7e4a3860/library/std/src/rt.rs:175:24
  34: std::panicking::catch_unwind::do_call::<std::rt::lang_start_internal::{closure#0}, isize>
             at /rustc/59807616e1fa2540724bfbac14d7976d7e4a3860/library/std/src/panicking.rs:581:40
  35: std::panicking::catch_unwind::<isize, std::rt::lang_start_internal::{closure#0}>
             at /rustc/59807616e1fa2540724bfbac14d7976d7e4a3860/library/std/src/panicking.rs:544:19
  36: std::panic::catch_unwind::<std::rt::lang_start_internal::{closure#0}, isize>
             at /rustc/59807616e1fa2540724bfbac14d7976d7e4a3860/library/std/src/panic.rs:359:14
  37: std::rt::lang_start_internal
             at /rustc/59807616e1fa2540724bfbac14d7976d7e4a3860/library/std/src/rt.rs:171:5
  38: std::rt::lang_start
             at /rustc/59807616e1fa2540724bfbac14d7976d7e4a3860/library/std/src/rt.rs:205:5
  39: _main

is_assignable(target: Struct("String", None), source: Struct("String", None))
lookup('new_item') = None, is_moved = true, consume = true
scopes = Some({"item": (Scalar(I32), Host), "f_closure": (Function([Scalar(I32)], Struct("String", None)), Host)})
Backtrace:
   0: std::backtrace_rs::backtrace::libunwind::trace
             at /rustc/59807616e1fa2540724bfbac14d7976d7e4a3860/library/std/src/../../backtrace/src/backtrace/libunwind.rs:117:9
   1: std::backtrace_rs::backtrace::trace_unsynchronized::<<std::backtrace::Backtrace>::create::{closure#0}>
             at /rustc/59807616e1fa2540724bfbac14d7976d7e4a3860/library/std/src/../../backtrace/src/backtrace/mod.rs:66:14
   2: <std::backtrace::Backtrace>::create
             at /rustc/59807616e1fa2540724bfbac14d7976d7e4a3860/library/std/src/backtrace.rs:331:13
   3: vxc::sema::expr::<impl vxc::sema::env::TypeChecker>::check_expr_type_flag
             at ./src/sema/expr.rs:150:30
   4: vxc::sema::expr::<impl vxc::sema::env::TypeChecker>::check_expr_type
             at ./src/sema/expr.rs:47:14
   5: vxc::sema::expr::<impl vxc::sema::env::TypeChecker>::check_expr_type_flag
             at ./src/sema/expr.rs:257:60
   6: vxc::sema::stmt::<impl vxc::sema::env::TypeChecker>::check_statement
             at ./src/sema/stmt.rs:184:31
   7: vxc::sema::stmt::<impl vxc::sema::env::TypeChecker>::check_block
             at ./src/sema/stmt.rs:14:18
   8: vxc::sema::stmt::<impl vxc::sema::env::TypeChecker>::check_statement
             at ./src/sema/stmt.rs:147:22
   9: vxc::sema::stmt::<impl vxc::sema::env::TypeChecker>::check_block
             at ./src/sema/stmt.rs:14:18
  10: vxc::sema::env::TypeChecker::check_function
             at ./src/sema/env.rs:396:14
  11: vxc::sema::expr::<impl vxc::sema::env::TypeChecker>::check_expr_type_flag
             at ./src/sema/expr.rs:1254:30
  12: vxc::sema::expr::<impl vxc::sema::env::TypeChecker>::check_expr
             at ./src/sema/expr.rs:8:23
  13: vxc::sema::stmt::<impl vxc::sema::env::TypeChecker>::check_statement
             at ./src/sema/stmt.rs:56:42
  14: vxc::sema::stmt::<impl vxc::sema::env::TypeChecker>::check_block
             at ./src/sema/stmt.rs:14:18
  15: vxc::sema::stmt::<impl vxc::sema::env::TypeChecker>::check_statement
             at ./src/sema/stmt.rs:147:22
  16: vxc::sema::stmt::<impl vxc::sema::env::TypeChecker>::check_block
             at ./src/sema/stmt.rs:14:18
  17: vxc::sema::env::TypeChecker::check_function
             at ./src/sema/env.rs:396:14
  18: vxc::sema::expr::<impl vxc::sema::env::TypeChecker>::check_expr_type_flag
             at ./src/sema/expr.rs:1254:30
  19: vxc::sema::expr::<impl vxc::sema::env::TypeChecker>::check_expr
             at ./src/sema/expr.rs:8:23
  20: vxc::sema::stmt::<impl vxc::sema::env::TypeChecker>::check_statement
             at ./src/sema/stmt.rs:56:42
  21: vxc::sema::stmt::<impl vxc::sema::env::TypeChecker>::check_block
             at ./src/sema/stmt.rs:14:18
  22: vxc::sema::env::TypeChecker::check_function
             at ./src/sema/env.rs:396:14
  23: vxc::driver::CompilerDriver::execute
             at ./src/driver.rs:211:21
  24: vxc::main
             at ./src/main.rs:23:28
  25: core::ops::function::FnOnce::call_once
             at /rustc/59807616e1fa2540724bfbac14d7976d7e4a3860/library/core/src/ops/function.rs:250:5
  26: std::sys::backtrace::__rust_begin_short_backtrace
             at /rustc/59807616e1fa2540724bfbac14d7976d7e4a3860/library/std/src/sys/backtrace.rs:166:18
  27: std::rt::lang_start::{{closure}}
             at /rustc/59807616e1fa2540724bfbac14d7976d7e4a3860/library/std/src/rt.rs:206:18
  28: <&dyn core::ops::function::Fn<(), Output = i32> + core::panic::unwind_safe::RefUnwindSafe + core::marker::Sync as core::ops::function::FnOnce<()>>::call_once
             at /rustc/59807616e1fa2540724bfbac14d7976d7e4a3860/library/core/src/ops/function.rs:287:21
  29: std::panicking::catch_unwind::do_call::<&dyn core::ops::function::Fn<(), Output = i32> + core::panic::unwind_safe::RefUnwindSafe + core::marker::Sync, i32>
             at /rustc/59807616e1fa2540724bfbac14d7976d7e4a3860/library/std/src/panicking.rs:581:40
  30: std::panicking::catch_unwind::<i32, &dyn core::ops::function::Fn<(), Output = i32> + core::panic::unwind_safe::RefUnwindSafe + core::marker::Sync>
             at /rustc/59807616e1fa2540724bfbac14d7976d7e4a3860/library/std/src/panicking.rs:544:19
  31: std::panic::catch_unwind::<&dyn core::ops::function::Fn<(), Output = i32> + core::panic::unwind_safe::RefUnwindSafe + core::marker::Sync, i32>
             at /rustc/59807616e1fa2540724bfbac14d7976d7e4a3860/library/std/src/panic.rs:359:14
  32: std::rt::lang_start_internal::{closure#0}
             at /rustc/59807616e1fa2540724bfbac14d7976d7e4a3860/library/std/src/rt.rs:175:24
  33: std::panicking::catch_unwind::do_call::<std::rt::lang_start_internal::{closure#0}, isize>
             at /rustc/59807616e1fa2540724bfbac14d7976d7e4a3860/library/std/src/panicking.rs:581:40
  34: std::panicking::catch_unwind::<isize, std::rt::lang_start_internal::{closure#0}>
             at /rustc/59807616e1fa2540724bfbac14d7976d7e4a3860/library/std/src/panicking.rs:544:19
  35: std::panic::catch_unwind::<std::rt::lang_start_internal::{closure#0}, isize>
             at /rustc/59807616e1fa2540724bfbac14d7976d7e4a3860/library/std/src/panic.rs:359:14
  36: std::rt::lang_start_internal
             at /rustc/59807616e1fa2540724bfbac14d7976d7e4a3860/library/std/src/rt.rs:171:5
  37: std::rt::lang_start
             at /rustc/59807616e1fa2540724bfbac14d7976d7e4a3860/library/std/src/rt.rs:205:5
  38: _main

is_assignable(target: Struct("String", None), source: Tensor(F32, [], None))
is_assignable(target: GenericInstance(Struct("Option", None), [Struct("String", None)]), source: GenericInstance(Struct("Option", None), [Struct("String", None)]))
is_assignable(target: GenericInstance(Struct("Option", None), [Struct("String", None)]), source: GenericInstance(Struct("Option", None), [Struct("String", None)]))
is_assignable(target: Borrow(GenericInstance(Struct("VecMap", None), [Scalar(I32), Struct("String", None)]), None, true, 4095), source: Borrow(Borrow(GenericInstance(Struct("VecMap", None), [Scalar(I32), Struct("String", None)]), None, true, 4095), None, true, 4))
is_assignable(target: GenericInstance(Struct("VecMap", None), [Scalar(I32), Struct("String", None)]), source: Borrow(GenericInstance(Struct("VecMap", None), [Scalar(I32), Struct("String", None)]), None, true, 4095))
is_assignable(target: Borrow(GenericInstance(Struct("VecMap", None), [Scalar(I32), Struct("String", None)]), None, true, 4095), source: Borrow(Borrow(GenericInstance(Struct("VecMap", None), [Scalar(I32), Struct("String", None)]), None, true, 4095), None, true, 4))
is_assignable(target: GenericInstance(Struct("VecMap", None), [Scalar(I32), Struct("String", None)]), source: Borrow(GenericInstance(Struct("VecMap", None), [Scalar(I32), Struct("String", None)]), None, true, 4095))
check_function(Option_String_is_none_StructString)
is_assignable(target: Scalar(Bool), source: Scalar(Bool))
is_assignable(target: Scalar(Bool), source: Scalar(Bool))
is_assignable(target: Scalar(Bool), source: Scalar(Bool))
is_assignable(target: Borrow(GenericInstance(Struct("Option", None), [Struct("String", None)]), None, false, 4095), source: Borrow(GenericInstance(Struct("Option", None), [Struct("String", None)]), None, false, 4))
is_assignable(target: GenericInstance(Struct("Option", None), [Struct("String", None)]), source: GenericInstance(Struct("Option", None), [Struct("String", None)]))
check_function(Option_String_unwrap_StructString)
is_assignable(target: Struct("String", None), source: Struct("String", None))
is_assignable(target: Scalar(I32), source: Scalar(I32))
is_assignable(target: Scalar(I32), source: Scalar(I32))
is_assignable(target: Pointer(Struct("String", None), None, true), source: Pointer(Scalar(I8), None, true))
is_assignable(target: Struct("String", None), source: Scalar(I8))
is_assignable(target: Struct("String", None), source: Struct("String", None))
is_assignable(target: Scalar(I32), source: Scalar(I32))
is_assignable(target: Scalar(I32), source: Scalar(I32))
is_assignable(target: Pointer(Struct("String", None), None, true), source: Pointer(Scalar(I8), None, true))
is_assignable(target: Struct("String", None), source: Scalar(I8))
is_assignable(target: Struct("String", None), source: Struct("String", None))
is_assignable(target: GenericInstance(Struct("Option", None), [Struct("String", None)]), source: GenericInstance(Struct("Option", None), [Struct("String", None)]))
is_assignable(target: GenericInstance(Struct("Option", None), [Struct("String", None)]), source: GenericInstance(Struct("Option", None), [Struct("String", None)]))
check_function(Vec_String_push_StructString)
is_assignable(target: Scalar(I32), source: Scalar(I32))
is_assignable(target: Scalar(I32), source: Scalar(I32))
is_assignable(target: Scalar(I32), source: Scalar(I32))
is_assignable(target: Scalar(I32), source: Scalar(I32))
is_assignable(target: Scalar(I32), source: Scalar(I32))
is_assignable(target: Scalar(I32), source: Scalar(I32))
is_assignable(target: Scalar(I32), source: Scalar(I32))
is_assignable(target: Scalar(I32), source: Scalar(I32))
is_assignable(target: Scalar(I32), source: Scalar(I32))
is_assignable(target: Pointer(Scalar(I8), None, true), source: Pointer(Struct("String", None), None, true))
is_assignable(target: Scalar(I8), source: Struct("String", None))
is_assignable(target: Pointer(Scalar(I8), None, true), source: Pointer(Scalar(I8), None, true))
is_assignable(target: Scalar(I32), source: Scalar(I32))
is_assignable(target: Pointer(Scalar(I8), None, true), source: Pointer(Scalar(I8), None, true))
is_assignable(target: Scalar(I32), source: Scalar(I32))
is_assignable(target: Pointer(Struct("String", None), None, true), source: Pointer(Scalar(I8), None, true))
is_assignable(target: Struct("String", None), source: Scalar(I8))
is_assignable(target: Scalar(I32), source: Scalar(I32))
is_assignable(target: Struct("String", None), source: Struct("String", None))
is_assignable(target: Scalar(I32), source: Scalar(I32))
is_assignable(target: Scalar(I32), source: Scalar(I32))
is_assignable(target: Scalar(I32), source: Scalar(I32))
is_assignable(target: Scalar(I32), source: Scalar(I32))
is_assignable(target: GenericInstance(Struct("Option", None), [Struct("String", None)]), source: GenericInstance(Struct("Option", None), [Struct("String", None)]))
is_assignable(target: Borrow(GenericInstance(Struct("Vec", None), [Struct("String", None)]), None, true, 4095), source: Borrow(GenericInstance(Struct("Vec", None), [Struct("String", None)]), None, true, 4))
is_assignable(target: GenericInstance(Struct("Vec", None), [Struct("String", None)]), source: GenericInstance(Struct("Vec", None), [Struct("String", None)]))
is_assignable(target: Struct("String", None), source: Struct("String", None))
is_assignable(target: GenericInstance(Struct("Vec", None), [Struct("String", None)]), source: GenericInstance(Struct("Vec", None), [Struct("String", None)]))
is_assignable(target: Borrow(GenericInstance(Struct("VecMap", None), [Scalar(I32), Struct("String", None)]), None, true, 4095), source: Borrow(GenericInstance(Struct("VecMap", None), [Scalar(I32), Struct("String", None)]), None, true, 2))
is_assignable(target: GenericInstance(Struct("VecMap", None), [Scalar(I32), Struct("String", None)]), source: GenericInstance(Struct("VecMap", None), [Scalar(I32), Struct("String", None)]))
is_assignable(target: Borrow(GenericInstance(Struct("VecMap", None), [Scalar(I32), Struct("String", None)]), None, true, 4095), source: Borrow(GenericInstance(Struct("VecMap", None), [Scalar(I32), Struct("String", None)]), None, true, 2))
is_assignable(target: GenericInstance(Struct("VecMap", None), [Scalar(I32), Struct("String", None)]), source: GenericInstance(Struct("VecMap", None), [Scalar(I32), Struct("String", None)]))
is_assignable(target: GenericInstance(Struct("Vec", None), [Struct("String", None)]), source: GenericInstance(Struct("Vec", None), [Struct("String", None)]))
is_assignable(target: GenericInstance(Struct("Vec", None), [Struct("String", None)]), source: Scalar(I32))
is_assignable(target: Scalar(I32), source: Scalar(I32))
is_assignable(target: Scalar(I32), source: Scalar(I32))
Semantic check failed on 'test_map_collect.vx':
  Type mismatch in variable declaration 'ptr'
  Dereference of raw pointer outside of unsafe block!
  Use of moved or consumed linear variable: new_item
  Type mismatch in payload argument 1 for Option::Some: expected Struct("String", None), got Tensor(F32, [], None)
  Type mismatch in argument 1 for function 'Borrow_VecMap_I32_String_true_4095_next_StructString_ScalarI32'. Expected Borrow(GenericInstance(Struct("VecMap", None), [Scalar(I32), Struct("String", None)]), None, true, 4095), got Borrow(Borrow(GenericInstance(Struct("VecMap", None), [Scalar(I32), Struct("String", None)]), None, true, 4095), None, true, 4)
  Dereference of raw pointer outside of unsafe block!
  Cannot access 'self' because it is mutably borrowed.
  Cannot access 'self' because it is mutably borrowed.
  Type mismatch in variable declaration 'ptr'
  Type mismatch in variable declaration 'ptr'
  Cannot access 'self' because it is mutably borrowed.
  Cannot access 'self' because it is mutably borrowed.
  Cannot access 'self' because it is mutably borrowed.
  Cannot access 'self' because it is mutably borrowed.
  Cannot access 'self' because it is mutably borrowed.
  Type mismatch in variable declaration 'ptr'
  Cannot access 'self' because it is mutably borrowed.
  Type mismatch in assignment
  Cannot access 'self' because it is mutably borrowed.
  Cannot access 'self' because it is mutably borrowed.
  Cannot access 'self' because it is mutably borrowed.
  Cannot access 'self' because it is mutably borrowed.
  Cannot access 'self' because it is mutably borrowed.
  Cannot call len on GenericInstance(Struct("Vec", None), [Struct("String", None)])
  Type mismatch in relational operation: GenericInstance(Struct("Vec", None), [Struct("String", None)]) vs Scalar(I32)

